== Descarga o confirmacion de la imagen ==
latest: Pulling from database/free
be7b9171a0ee: Pulling fs layer
7f765265ed77: Pulling fs layer
c2923101033c: Pulling fs layer
0053c2dd41b9: Pulling fs layer
019d48a5a2e8: Pulling fs layer
382878d4e3fb: Pulling fs layer
b68ad0bf92bd: Pulling fs layer
99b041142dd0: Pulling fs layer
1f3885dc6868: Pulling fs layer
a37f31cdc63e: Pulling fs layer
20974563ab06: Pulling fs layer
a68c3d41e6fb: Pulling fs layer
3ddaa61de91d: Pulling fs layer
7f594762f653: Pulling fs layer
bd9ddc54bea9: Pulling fs layer
fb63bcb7eebe: Pulling fs layer
64ce2d341c57: Pulling fs layer
fe20991db010: Pulling fs layer
45c955d019b0: Pulling fs layer
82a35a036e7e: Pulling fs layer
dbef2cad1caa: Pulling fs layer
c46ae4a8b211: Pulling fs layer
ae48b182b415: Pulling fs layer
42aa91253599: Pulling fs layer
1c1d3a69d0cb: Pulling fs layer
4914c0d12d92: Pulling fs layer
879fe30b3433: Pulling fs layer
8f7021a93961: Pulling fs layer
beaea3717cbc: Pulling fs layer
fe20991db010: Already exists
45c955d019b0: Already exists
0053c2dd41b9: Already exists
fb63bcb7eebe: Already exists
82a35a036e7e: Already exists
a37f31cdc63e: Already exists
3ddaa61de91d: Already exists
4914c0d12d92: Already exists
bd9ddc54bea9: Already exists
42aa91253599: Already exists
1f3885dc6868: Already exists
dbef2cad1caa: Already exists
1c1d3a69d0cb: Already exists
c2923101033c: Already exists
64ce2d341c57: Already exists
7f765265ed77: Download complete
019d48a5a2e8: Download complete
a68c3d41e6fb: Download complete
382878d4e3fb: Download complete
20974563ab06: Download complete
99b041142dd0: Download complete
b68ad0bf92bd: Download complete
7f594762f653: Download complete
ae48b182b415: Download complete
